python : Traceback (most 
recent call last):
At line:1 char:26
+ 
./venv/Scripts/activate; 
python main.py > 
error_log.txt 2>&1
+                         
 ~~~~~~~~~~~~~~~~~~~~~~~~~
~~~~~~~~~~
    + CategoryInfo        
      : NotSpecified: (T  
  raceback (most recent   
  call last)::String)     
[], RemoteException
    + FullyQualifiedError 
   Id : NativeCommandErr  
  or
 
  File "D:\Intern\face-aut
h\backend\main.py", line 
20, in <module>
    from 
app.config.settings 
import get_settings  # 
pyre-ignore
    ^^^^^^^^^^^^^^^^^^^^^^
^^^^^^^^^^^^^^^^^^^^^^
  File "D:\Intern\face-aut
h\backend\app\config\__ini
t__.py", line 2, in 
<module>
    from 
app.config.database 
import MongoDB, 
get_database
  File "D:\Intern\face-aut
h\backend\app\config\datab
ase.py", line 14, in 
<module>
    settings = 
get_settings()
               
^^^^^^^^^^^^^^
  File "D:\Intern\face-aut
h\backend\app\config\setti
ngs.py", line 60, in 
get_settings
    return Settings()
           ^^^^^^^^^^
  File "D:\Intern\face-aut
h\backend\venv\Lib\site-pa
ckages\pydantic_settings\m
ain.py", line 242, in 
__init__
    super().__init__(**__p
ydantic_self__.__class__._
settings_build_values(sour
ces, init_kwargs))
  File "D:\Intern\face-aut
h\backend\venv\Lib\site-pa
ckages\pydantic\main.py", 
line 250, in __init__
    validated_self = self.
__pydantic_validator__.val
idate_python(data, 
self_instance=self)
                     ^^^^^
^^^^^^^^^^^^^^^^^^^^^^^^^^
^^^^^^^^^^^^^^^^^^^^^^^^^^
^^^^^^^^^^^^
pydantic_core._pydantic_co
re.ValidationError: 3 
validation errors for 
Settings
SMTP_USERNAME
  Extra inputs are not 
permitted 
[type=extra_forbidden, inp
ut_value='srakeshkumarrk24
68@gmail.com', 
input_type=str]
    For further 
information visit https://
errors.pydantic.dev/2.12/v
/extra_forbidden
SMTP_PASSWORD
  Extra inputs are not 
permitted 
[type=extra_forbidden, 
input_value='obpb kfkt 
bfim nzuf', 
input_type=str]
    For further 
information visit https://
errors.pydantic.dev/2.12/v
/extra_forbidden
SENDER_EMAIL
  Extra inputs are not 
permitted 
[type=extra_forbidden, inp
ut_value='srakeshkumarrk24
68@gmail.com', 
input_type=str]
    For further 
information visit https://
errors.pydantic.dev/2.12/v
/extra_forbidden
